 openprocbyname

 Timestamp is 562417eb (Mon Oct 19 00:06:35 2015)

 Preferred load address is 0000000140000000

 Start         Length     Name                   Class
 0001:00000000 000002ddH .text$mn                CODE
 0002:00000000 00000058H .idata$5                DATA
 0002:00000060 00000074H .rdata                  DATA
 0002:000000d4 00000170H .rdata$zzzdbg           DATA
 0002:00000244 00000020H .xdata                  DATA
 0002:00000264 00000000H .edata                  DATA
 0002:00000264 00000014H .idata$2                DATA
 0002:00000278 00000014H .idata$3                DATA
 0002:00000290 00000058H .idata$4                DATA
 0002:000002e8 000000dcH .idata$6                DATA
 0003:00000000 0000002aH .data                   DATA
 0004:00000000 00000018H .pdata                  DATA

  Address         Publics by Value              Rva+Base               Lib:Object

 0000:00000000       __guard_fids_count         0000000000000000     <absolute>
 0000:00000000       __guard_fids_table         0000000000000000     <absolute>
 0000:00000000       __guard_flags              0000000000000000     <absolute>
 0001:00000000       openProcByName             0000000140001000 f   main.obj
 0001:00000260       mymain                     0000000140001260 f   main.obj
 0002:00000000       __imp_RtlCompareUnicodeString 0000000140002000     myntdll:ntdll.dll
 0002:00000008       __imp_NtFreeVirtualMemory  0000000140002008     myntdll:ntdll.dll
 0002:00000010       __imp_NtQuerySystemInformation 0000000140002010     myntdll:ntdll.dll
 0002:00000018       __imp_NtOpenProcess        0000000140002018     myntdll:ntdll.dll
 0002:00000020       __imp_RtlInitUnicodeString 0000000140002020     myntdll:ntdll.dll
 0002:00000028       __imp_NtAllocateVirtualMemory 0000000140002028     myntdll:ntdll.dll
 0002:00000030       __imp_NtRaiseHardError     0000000140002030     myntdll:ntdll.dll
 0002:00000038       __imp_NtClose              0000000140002038     myntdll:ntdll.dll
 0002:00000040       __imp_RtlAdjustPrivilege   0000000140002040     myntdll:ntdll.dll
 0002:00000048       __imp_NtQueryObject        0000000140002048     myntdll:ntdll.dll
 0002:00000050       \177ntdll_NULL_THUNK_DATA  0000000140002050     myntdll:ntdll.dll
 0002:00000060       ??_C@_1BI@GOFOEOMC@?$AAs?$AAv?$AAc?$AAh?$AAo?$AAs?$AAt?$AA?4?$AAe?$AAx?$AAe?$AA?$AA@ 0000000140002060     main.obj
 0002:00000264       __IMPORT_DESCRIPTOR_ntdll  0000000140002264     myntdll:ntdll.dll
 0002:00000278       __NULL_IMPORT_DESCRIPTOR   0000000140002278     myntdll:ntdll.dll

 entry point at        0001:00000260

 Static symbols

 0000:ffffb000       .debug$S                   0000000140000000     myntdll:ntdll.dll
 0000:ffffb000       .debug$S                   0000000140000000     myntdll:ntdll.dll
 0000:ffffb000       .debug$S                   0000000140000000     myntdll:ntdll.dll
 0000:ffffb000       .debug$S                   0000000140000000     myntdll:ntdll.dll
 0000:ffffb000       .debug$S                   0000000140000000     myntdll:ntdll.dll
 0000:ffffb000       .debug$S                   0000000140000000     myntdll:ntdll.dll
 0000:ffffb000       .debug$S                   0000000140000000     myntdll:ntdll.dll
 0000:ffffb000       .debug$S                   0000000140000000     myntdll:ntdll.dll
 0000:ffffb000       .debug$S                   0000000140000000     myntdll:ntdll.dll
 0000:ffffb000       .debug$S                   0000000140000000     myntdll:ntdll.dll
 0002:00000244       $unwind$openProcByName     0000000140002244     main.obj
 0002:0000025c       $unwind$mymain             000000014000225c     main.obj
 0002:000003ba       .idata$6                   00000001400023ba     myntdll:ntdll.dll
 0003:00000000       ?szOutputKeyPath@?1??myWPrintf@@9@9 0000000140003000     main.obj
 0004:00000000       $pdata$openProcByName      0000000140004000     main.obj
 0004:0000000c       $pdata$mymain              000000014000400c     main.obj
